[
  {
    "id": 1,
    "peer_id": "12D3KooWJHw6WnvPiUPSpJNaRBWn4XpDgRSR1UvZNhJDkRCfehMr",
    "ip": "192.168.1.1",
    "reason": "test reason 1",
    "created_at": "1970-01-01T00:00:00Z",
    "expires_at": "2025-02-04T22:17:58-05:00"
  },
  {
    "id": 2,
    "peer_id": "12D3KooWRHVDHQBHN9qFP8UfvUd8azdHxvRHqhYMgwMEjxwj7YGk",
    "ip": "192.168.1.2",
    "reason": "test reason 2",
    "created_at": "1970-01-01T00:00:00Z",
    "expires_at": "2025-02-04T22:17:58-05:00"
  },
  {
    "id": 3,
    "peer_id": "12D3KooWRHVDHQBHN9qFP8UfvUd8azdHxvRHqhYMgwMEjxwj7YGk",
    "ip": "192.168.1.3",
    "reason": "test reason 3",
    "created_at": "1970-01-01T00:00:00Z",
    "expires_at": null
  }
]