[
  {
    "task_id": "9953fde97ee11202bc9f403da0edd629d5c5e3f35e7131934a9834b0235b898e",
    "chain_id": 80001,
    "target_address": "0x1234567890123456789012345678901234567890",
    "key": 1000000000000000000,
    "block_number": 3998,
    "value": 400,
    "epoch": 1,
    "status": "confirming",
    "required_confirmations": 5,
    "retry_count": 0,
    "created_at": "1970-01-01T00:00:00Z",
    "updated_at": "1970-01-01T00:00:00Z"
  }
]