[
  {
    "task_id": "747d9e016e9c8cadfbe193c4d30589eb6258053087ba0e432faf591a59d0870c",
    "chain_id": 31337,
    "target_address": "0x1234567890123456789012345678901234567890",
    "key": 1000000000000000000,
    "block_number": 90,
    "value": 100,
    "epoch": 1,
    "status": "pending",
    "required_confirmations": 1,
    "retry_count": 0,
    "created_at": "1970-01-01T00:00:00Z",
    "updated_at": "1970-01-01T00:00:00Z"
  }
]