[
  {
    "task_id": "77e2bdcee9a3fdd4bc3a2385a803ca2d1dbee8fb718fdd018b67f3f006025331",
    "chain_id": 11155111,
    "target_address": "0x1234567890123456789012345678901234567890",
    "key": 1000000000000000000,
    "block_number": 100,
    "value": 200,
    "epoch": 1,
    "status": "pending",
    "required_confirmations": 2,
    "retry_count": 0,
    "created_at": "1970-01-01T00:00:00Z",
    "updated_at": "1970-01-01T00:00:00Z"
  }
]