[
  {
    "task_id": "e15f7636354b48740d6014a0f0fd469b16a4790ab4660585e7e7fab08572b8b0",
    "chain_id": 80001,
    "target_address": "0x1234567890123456789012345678901234567890",
    "key": 1000000000000000000,
    "block_number": 4000,
    "value": 400,
    "epoch": 1,
    "status": "confirming",
    "required_confirmations": 5,
    "retry_count": 0,
    "created_at": "1970-01-01T00:00:00Z",
    "updated_at": "1970-01-01T00:00:00Z"
  }
]