[
  {
    "address": "0x0000000000000000000000000000000000000001",
    "signing_key": "0x0000000000000000000000000000000000000008",
    "p2p_key": "0x0000000000000000000000000000000000000009",
    "registered_at_block_number": 50,
    "active_epoch": 5,
    "exit_epoch": 4294967295,
    "is_active": false,
    "weight": 0,
    "created_at": "1970-01-01T00:00:00Z",
    "updated_at": "1970-01-01T00:00:00Z"
  }
]