[
  {
    "task_id": "dcd4bb90ee55a19b8bf10e5a44b07d1dcceafb9f82f180be7aaa881e5953f5a6",
    "chain_id": 1,
    "target_address": "0x1234567890123456789012345678901234567890",
    "key": 1000000000000000000,
    "block_number": 100,
    "value": 1000000000000000000,
    "epoch": 1,
    "status": "pending",
    "required_confirmations": 1,
    "retry_count": 0,
    "created_at": "1970-01-01T00:00:00Z",
    "updated_at": "1970-01-01T00:00:00Z"
  }
]