[
  {
    "task_id": "ecd4bb90ee55a19b8bf10e5a44b07d1dcceafb9f82f180be7aaa881e5953f5a6",
    "chain_id": 1,
    "target_address": "0x1234567890123456789012345678901234567890",
    "key": 1,
    "block_number": 100,
    "value": 100,
    "epoch": 1,
    "status": "pending",
    "retry_count": 1,
    "created_at": "2024-01-01T00:00:00Z",
    "updated_at": "2024-01-01T00:00:00Z"
  },
  {
    "task_id": "ecd37120ee55a2859bf10e5a44b07d1dcceafb9f82f180be7aaa881e5953f5a6",
    "chain_id": 1,
    "target_address": "0x1234567890123456789012345678901234567890",
    "key": 3,
    "block_number": 100,
    "value": 300,
    "epoch": 1,
    "status": "confirming",
    "required_confirmations": 10,
    "created_at": "2024-01-01T00:00:00Z",
    "updated_at": "2024-01-01T00:00:00Z"
  }
] 