[
  {
    "address": "0x0000000000000000000000000000000000000001",
    "signing_key": "0x0000000000000000000000000000000000000007",
    "p2p_key": "0x0000000000000000000000000000000000000008",
    "registered_at_block_number": 100,
    "active_epoch": 1,
    "exit_epoch": 4294967295,
    "is_active": true,
    "weight": 20,
    "created_at": "1970-01-01T00:00:00Z",
    "updated_at": "1970-01-01T00:00:00Z"
  }
]